2026-04-11 16:01:07 INFO  [restartedMain] k.a.j.JobSearchJava27Application - Starting JobSearchJava27Application using Java 24 with PID 915 (/Users/askar/Desktop/JobSearch-java27/target/classes started by askar in /Users/askar/Desktop/JobSearch-java27)
2026-04-11 16:01:07 DEBUG [restartedMain] k.a.j.JobSearchJava27Application - Running with Spring Boot v4.0.3, Spring v7.0.5
2026-04-11 16:01:07 INFO  [restartedMain] k.a.j.JobSearchJava27Application - No active profile set, falling back to 1 default profile: "default"
2026-04-11 16:01:07 INFO  [restartedMain] o.s.b.d.e.DevToolsPropertyDefaultsPostProcessor - Devtools property defaults active! Set 'spring.devtools.add-properties' to 'false' to disable
2026-04-11 16:01:07 INFO  [restartedMain] o.s.b.d.e.DevToolsPropertyDefaultsPostProcessor - For additional web related logging consider setting the 'logging.level.web' property to 'DEBUG'
2026-04-11 16:01:08 INFO  [restartedMain] o.s.boot.tomcat.TomcatWebServer - Tomcat initialized with port 8089 (http)
2026-04-11 16:01:08 INFO  [restartedMain] o.a.catalina.core.StandardService - Starting service [Tomcat]
2026-04-11 16:01:08 INFO  [restartedMain] o.a.catalina.core.StandardEngine - Starting Servlet engine: [Apache Tomcat/11.0.18]
2026-04-11 16:01:08 INFO  [restartedMain] o.s.b.w.c.s.WebApplicationContextInitializer - Root WebApplicationContext: initialization completed in 879 ms
2026-04-11 16:01:08 WARN  [restartedMain] o.s.b.w.s.s.c.AnnotationConfigServletWebServerApplicationContext - Exception encountered during context initialization - cancelling refresh attempt: org.springframework.beans.factory.UnsatisfiedDependencyException: Error creating bean with name 'securityConfig' defined in file [/Users/askar/Desktop/JobSearch-java27/target/classes/kg/attractor/jobsearchjava27/config/SecurityConfig.class]: Unsatisfied dependency expressed through constructor parameter 1: No qualifying bean of type 'org.springframework.security.crypto.password.PasswordEncoder' available: expected at least 1 bean which qualifies as autowire candidate. Dependency annotations: {}
2026-04-11 16:01:08 INFO  [restartedMain] o.a.catalina.core.StandardService - Stopping service [Tomcat]
2026-04-11 16:01:08 INFO  [restartedMain] o.s.b.a.l.ConditionEvaluationReportLogger - 

Error starting ApplicationContext. To display the condition evaluation report re-run your application with 'debug' enabled.
2026-04-11 16:01:08 ERROR [restartedMain] o.s.b.d.LoggingFailureAnalysisReporter - 

***************************
APPLICATION FAILED TO START
***************************

Description:

Parameter 1 of constructor in kg.attractor.jobsearchjava27.config.SecurityConfig required a bean of type 'org.springframework.security.crypto.password.PasswordEncoder' that could not be found.


Action:

Consider defining a bean of type 'org.springframework.security.crypto.password.PasswordEncoder' in your configuration.

2026-04-11 16:04:50 INFO  [restartedMain] k.a.j.JobSearchJava27Application - Starting JobSearchJava27Application using Java 24 with PID 1171 (/Users/askar/Desktop/JobSearch-java27/target/classes started by askar in /Users/askar/Desktop/JobSearch-java27)
2026-04-11 16:04:50 DEBUG [restartedMain] k.a.j.JobSearchJava27Application - Running with Spring Boot v4.0.3, Spring v7.0.5
2026-04-11 16:04:50 INFO  [restartedMain] k.a.j.JobSearchJava27Application - No active profile set, falling back to 1 default profile: "default"
2026-04-11 16:04:50 INFO  [restartedMain] o.s.b.d.e.DevToolsPropertyDefaultsPostProcessor - Devtools property defaults active! Set 'spring.devtools.add-properties' to 'false' to disable
2026-04-11 16:04:50 INFO  [restartedMain] o.s.b.d.e.DevToolsPropertyDefaultsPostProcessor - For additional web related logging consider setting the 'logging.level.web' property to 'DEBUG'
2026-04-11 16:04:51 INFO  [restartedMain] o.s.boot.tomcat.TomcatWebServer - Tomcat initialized with port 8089 (http)
2026-04-11 16:04:51 INFO  [restartedMain] o.a.catalina.core.StandardService - Starting service [Tomcat]
2026-04-11 16:04:51 INFO  [restartedMain] o.a.catalina.core.StandardEngine - Starting Servlet engine: [Apache Tomcat/11.0.18]
2026-04-11 16:04:51 INFO  [restartedMain] o.s.b.w.c.s.WebApplicationContextInitializer - Root WebApplicationContext: initialization completed in 856 ms
2026-04-11 16:04:59 WARN  [restartedMain] o.s.s.c.a.a.c.InitializeUserDetailsBeanManagerConfigurer$InitializeUserDetailsManagerConfigurer - Global AuthenticationManager configured with an AuthenticationProvider bean. UserDetailsService beans will not be used by Spring Security for automatically configuring username/password login. Consider removing the AuthenticationProvider bean. Alternatively, consider using the UserDetailsService in a manually instantiated DaoAuthenticationProvider. If the current configuration is intentional, to turn off this warning, increase the logging level of 'org.springframework.security.config.annotation.authentication.configuration.InitializeUserDetailsBeanManagerConfigurer' to ERROR
2026-04-11 16:04:59 INFO  [restartedMain] o.s.b.w.a.WelcomePageHandlerMapping - Adding welcome page template: index
2026-04-11 16:04:59 WARN  [restartedMain] o.s.b.s.a.UserDetailsServiceAutoConfiguration - 

Using generated security password: 1e026613-5643-4f33-a3a9-3362f3a5fb8b

This generated password is for development use only. Your security configuration must be updated before running your application in production.

2026-04-11 16:04:59 INFO  [restartedMain] o.s.boot.tomcat.TomcatWebServer - Tomcat started on port 8089 (http) with context path '/'
2026-04-11 16:04:59 INFO  [restartedMain] k.a.j.JobSearchJava27Application - Started JobSearchJava27Application in 9.556 seconds (process running for 10.017)
2026-04-11 16:04:59 WARN  [restartedMain] o.s.c.events.SpringDocAppInitializer - SpringDoc /v3/api-docs endpoint is enabled by default. To disable it in production, set the property 'springdoc.api-docs.enabled=false'
2026-04-11 16:04:59 WARN  [restartedMain] o.s.c.events.SpringDocAppInitializer - SpringDoc /swagger-ui.html endpoint is enabled by default. To disable it in production, set the property 'springdoc.swagger-ui.enabled=false'
2026-04-11 16:05:03 INFO  [http-nio-8089-exec-1] o.a.c.c.C.[Tomcat].[localhost].[/] - Initializing Spring DispatcherServlet 'dispatcherServlet'
2026-04-11 16:05:03 INFO  [http-nio-8089-exec-1] o.s.web.servlet.DispatcherServlet - Initializing Servlet 'dispatcherServlet'
2026-04-11 16:05:03 INFO  [http-nio-8089-exec-1] o.s.web.servlet.DispatcherServlet - Completed initialization in 2 ms
2026-04-11 16:05:10 WARN  [http-nio-8089-exec-7] o.s.web.servlet.PageNotFound - No mapping for GET /favicon.ico
2026-04-11 16:05:10 WARN  [http-nio-8089-exec-7] o.s.web.servlet.PageNotFound - No endpoint GET /favicon.ico.
2026-04-11 16:05:11 WARN  [http-nio-8089-exec-8] o.s.web.servlet.PageNotFound - No mapping for GET /vacancy/1
2026-04-11 16:05:11 WARN  [http-nio-8089-exec-8] o.s.web.servlet.PageNotFound - No endpoint GET /vacancy/1.
2026-04-11 16:05:43 INFO  [SpringApplicationShutdownHook] o.s.boot.tomcat.GracefulShutdown - Commencing graceful shutdown. Waiting for active requests to complete
2026-04-11 16:05:43 INFO  [tomcat-shutdown] o.s.boot.tomcat.GracefulShutdown - Graceful shutdown complete
